// Jest Snapshot v1, https://goo.gl/fbAQLP

exports[`<CardList /> should display clickable Facet Value 1`] = `
<ConnectAdvanced(reduxRenderPropRender)>
  <Component />
</ConnectAdvanced(reduxRenderPropRender)>
`;
