// Jest Snapshot v1, https://goo.gl/fbAQLP

exports[`<Main /> should display a header, sidebar and main body 1`] = `
<ConnectAdvanced(reduxRenderPropRender)>
  <Component />
</ConnectAdvanced(reduxRenderPropRender)>
`;
