// Jest Snapshot v1, https://goo.gl/fbAQLP

exports[`<SearchBox /> should display clickable Facet Value 1`] = `
<ContextConsumer>
  <Component />
</ContextConsumer>
`;
