// Jest Snapshot v1, https://goo.gl/fbAQLP

exports[`<Sort /> should display sort component 1`] = `
<ConnectAdvanced(reduxRenderPropRender)>
  <Component />
</ConnectAdvanced(reduxRenderPropRender)>
`;
